V3 3
FL "C:/Users/gsyac/Documents/MCD/MCD Project/VHDL/src/MCD_CPLD/main.vhd" 2024/03/19.09:45:06 P.20131013
EN work/glue_logic 1710859802 \
      FL "C:/Users/gsyac/Documents/MCD/MCD Project/VHDL/src/MCD_CPLD/main.vhd" \
      PB ieee/std_logic_1164 1381692176
AR work/glue_logic/Behavioral 1710859803 \
      FL "C:/Users/gsyac/Documents/MCD/MCD Project/VHDL/src/MCD_CPLD/main.vhd" \
      EN work/glue_logic 1710859802
