V3 3
FL "C:/Users/gsyac/Documents/MCD/MCD Project/VHDL/src/MCD_CPLD/main.vhd" 2024/04/04.19:53:41 P.20131013
EN work/glue_logic 1712278427 \
      FL "C:/Users/gsyac/Documents/MCD/MCD Project/VHDL/src/MCD_CPLD/main.vhd" \
      PB ieee/std_logic_1164 1381692176
AR work/glue_logic/Behavioral 1712278428 \
      FL "C:/Users/gsyac/Documents/MCD/MCD Project/VHDL/src/MCD_CPLD/main.vhd" \
      EN work/glue_logic 1712278427
