V3 3
FL "C:/Users/gsyac/Documents/MCD/MCD Project/Rev2/VHDL/src/MCD_VHDL_Rev3/main.vhd" 2024/06/26.12:48:04 P.20131013
EN work/glue_logic 1719421908 \
      FL "C:/Users/gsyac/Documents/MCD/MCD Project/Rev2/VHDL/src/MCD_VHDL_Rev3/main.vhd" \
      PB ieee/std_logic_1164 1381692176
AR work/glue_logic/Behavioral 1719421909 \
      FL "C:/Users/gsyac/Documents/MCD/MCD Project/Rev2/VHDL/src/MCD_VHDL_Rev3/main.vhd" \
      EN work/glue_logic 1719421908
